// Jest Snapshot v1, https://goo.gl/fbAQLP

exports[`should render page not found component 1`] = `
<div>
  404! Page Not Found! 
  <Link
    replace={false}
    to="/"
  >
    Home
  </Link>
</div>
`;
